Epoch 1/30: 100%|██████████| 469/469 [00:05<00:00, 87.77it/s]
Epoch 2/30:   0%|          | 0/469 [00:00<?, ?it/s]Epoch 1, Average Loss: 0.06442932694552661
Epoch 2/30: 100%|██████████| 469/469 [00:04<00:00, 114.43it/s]
Epoch 2, Average Loss: 0.0005077959934640715
Epoch 3/30: 100%|██████████| 469/469 [00:04<00:00, 112.54it/s]
Epoch 3, Average Loss: 0.0003539547672930128
Epoch 4/30: 100%|██████████| 469/469 [00:04<00:00, 114.06it/s]
Epoch 4, Average Loss: 0.00024000635889516686
Epoch 5/30: 100%|██████████| 469/469 [00:04<00:00, 113.98it/s]
Epoch 6/30:   0%|          | 0/469 [00:00<?, ?it/s]Epoch 5, Average Loss: 0.00017942547667096419
Epoch 6/30: 100%|██████████| 469/469 [00:04<00:00, 114.52it/s]
Epoch 7/30:   0%|          | 0/469 [00:00<?, ?it/s]Epoch 6, Average Loss: 0.00016624111686396335
Epoch 7/30: 100%|██████████| 469/469 [00:04<00:00, 114.13it/s]
Epoch 8/30:   0%|          | 0/469 [00:00<?, ?it/s]Epoch 7, Average Loss: 0.00015537652077460124
Epoch 8/30: 100%|██████████| 469/469 [00:04<00:00, 113.84it/s]
Epoch 9/30:   0%|          | 0/469 [00:00<?, ?it/s]Epoch 8, Average Loss: 0.000144424578753302
Epoch 9/30: 100%|██████████| 469/469 [00:04<00:00, 113.79it/s]
Epoch 10/30:   0%|          | 0/469 [00:00<?, ?it/s]Epoch 9, Average Loss: 0.00013415838295379395
Epoch 10/30: 100%|██████████| 469/469 [00:04<00:00, 111.32it/s]
Epoch 11/30:   0%|          | 0/469 [00:00<?, ?it/s]Epoch 10, Average Loss: 0.00012558423335972264
Epoch 11/30: 100%|██████████| 469/469 [00:04<00:00, 113.21it/s]
Epoch 11, Average Loss: 0.00011641481410782002
Epoch 12/30: 100%|██████████| 469/469 [00:04<00:00, 113.64it/s]
Epoch 13/30:   0%|          | 0/469 [00:00<?, ?it/s]Epoch 12, Average Loss: 0.00011052386959017352
Epoch 13/30: 100%|██████████| 469/469 [00:04<00:00, 113.98it/s]
Epoch 14/30:   0%|          | 0/469 [00:00<?, ?it/s]Epoch 13, Average Loss: 0.00010320606575630951
Epoch 14/30: 100%|██████████| 469/469 [00:04<00:00, 113.72it/s]
Epoch 15/30:   0%|          | 0/469 [00:00<?, ?it/s]Epoch 14, Average Loss: 9.70310821105589e-05
Epoch 15/30: 100%|██████████| 469/469 [00:04<00:00, 113.04it/s]
Epoch 15, Average Loss: 8.81468956006258e-05
Epoch 16/30: 100%|██████████| 469/469 [00:04<00:00, 111.70it/s]
Epoch 17/30:   0%|          | 0/469 [00:00<?, ?it/s]Epoch 16, Average Loss: 7.510692365085289e-05
Epoch 17/30: 100%|██████████| 469/469 [00:04<00:00, 112.82it/s]
Epoch 18/30:   0%|          | 0/469 [00:00<?, ?it/s]Epoch 17, Average Loss: 0.00010079404323742584
Epoch 18/30: 100%|██████████| 469/469 [00:04<00:00, 113.94it/s]
Epoch 19/30:   0%|          | 0/469 [00:00<?, ?it/s]Epoch 18, Average Loss: 0.00010334356913036769
Epoch 19/30: 100%|██████████| 469/469 [00:04<00:00, 114.06it/s]
Epoch 20/30:   0%|          | 0/469 [00:00<?, ?it/s]Epoch 19, Average Loss: 8.0374791189149e-05
Epoch 20/30: 100%|██████████| 469/469 [00:04<00:00, 113.66it/s]
Epoch 21/30:   0%|          | 0/469 [00:00<?, ?it/s]Epoch 20, Average Loss: 5.79222072321581e-05
Epoch 21/30: 100%|██████████| 469/469 [00:04<00:00, 114.29it/s]
Epoch 21, Average Loss: 6.11447345685469e-05
Epoch 22/30: 100%|██████████| 469/469 [00:04<00:00, 114.19it/s]
Epoch 23/30:   0%|          | 0/469 [00:00<?, ?it/s]Epoch 22, Average Loss: 6.184198625125378e-05
Epoch 23/30: 100%|██████████| 469/469 [00:04<00:00, 113.22it/s]
Epoch 24/30:   0%|          | 0/469 [00:00<?, ?it/s]Epoch 23, Average Loss: 6.979618679860166e-05
Epoch 24/30: 100%|██████████| 469/469 [00:04<00:00, 113.86it/s]
Epoch 25/30:   0%|          | 0/469 [00:00<?, ?it/s]Epoch 24, Average Loss: 7.981823384557028e-05
Epoch 25/30: 100%|██████████| 469/469 [00:04<00:00, 110.69it/s]
Epoch 26/30:   0%|          | 0/469 [00:00<?, ?it/s]Epoch 25, Average Loss: 6.797260926771554e-05
Epoch 26/30: 100%|██████████| 469/469 [00:04<00:00, 114.79it/s]
Epoch 27/30:   0%|          | 0/469 [00:00<?, ?it/s]Epoch 26, Average Loss: 9.557000923260643e-05
Epoch 27/30: 100%|██████████| 469/469 [00:04<00:00, 114.52it/s]
Epoch 28/30:   0%|          | 0/469 [00:00<?, ?it/s]Epoch 27, Average Loss: 5.559458411508438e-05
Epoch 28/30: 100%|██████████| 469/469 [00:04<00:00, 114.69it/s]
Epoch 29/30:   0%|          | 0/469 [00:00<?, ?it/s]Epoch 28, Average Loss: 7.302702917381803e-05
Epoch 29/30: 100%|██████████| 469/469 [00:04<00:00, 113.07it/s]
Epoch 30/30:   0%|          | 0/469 [00:00<?, ?it/s]Epoch 29, Average Loss: 5.970713364285306e-05
Epoch 30/30: 100%|██████████| 469/469 [00:04<00:00, 113.64it/s]
Epoch 30, Average Loss: 7.873782005011122e-05